({"id":0,"title":"Adham Faramawy","citolytics":[{"title":"Matthew Stone","score":8000.307684689488},{"title":"Ben Schumacher","score":2000.0551458115924},{"title":"Lennie Lee","score":2000.0526611863352},{"title":"Peckham","score":4000.060618528275},{"title":"Performance art","score":4000.213079032415},{"title":"Time Out (company)","score":2000.0894363324928},{"title":"Gareth Pugh","score":2000.070965012033},{"title":"The Guardian","score":4000.04630476244},{"title":"Boo Saville","score":2000.0859598503516},{"title":"Theo Adams","score":2000.0579246430552}]})
({"id":0,"title":"Art collective","citolytics":[{"title":"Matthew Stone","score":4000.0482879915353},{"title":"Victorian architecture","score":1000.0203725933969},{"title":"Gareth Pugh","score":1000.017302280424},{"title":"The Guardian","score":2000.1575464530779},{"title":"Peckham","score":2000.402261760686},{"title":"Redirect article 2","score":1000.0306141023665},{"title":"London","score":1000.305660069423},{"title":"Performance art","score":2000.0219000421694},{"title":"Camberwell","score":1000.0258214553028},{"title":"Adham Faramawy","score":2000.0188281121143}]})
({"id":0,"title":"Ballpoint pen","citolytics":[{"title":"Matthew Stone","score":4000.1298740891953},{"title":"Lali Chetwynd","score":1000.0545834933617},{"title":"Michael Jackson","score":1000.0772003650073},{"title":"Peckham","score":2000.0212169595188},{"title":"Performance art","score":2000.0704629692827},{"title":"Lido","score":1000.0934280780397},{"title":"Adham Faramawy","score":2000.0190519779403},{"title":"Shamanism","score":1000.189426692278},{"title":"The Guardian","score":2000.0184507134195},{"title":"Michael Jackson's Thriller","score":1000.0685050677554}]})
({"id":0,"title":"Ben Schumacher","citolytics":[{"title":"Matthew Stone","score":4000.0333640633053},{"title":"Whiskey","score":1000.0113656699122},{"title":"CPA link","score":1000.0168037939685},{"title":"The Guardian","score":2000.0197706259592},{"title":"Adham Faramawy","score":2000.0551458115924},{"title":"Lennie Lee","score":1000.5528653266601},{"title":"QQQ","score":1000.189426692278},{"title":"Theo Adams","score":1000.5528653266601},{"title":"Peckham","score":2000.0092197606923},{"title":"Performance art","score":2000.0126240464506}]})
({"id":0,"title":"Boo Saville","citolytics":[{"title":"Matthew Stone","score":4000.156743429712},{"title":"Lauren Bush","score":1000.0278156962466},{"title":"Gareth Pugh","score":1000.0401221752438},{"title":"The Guardian","score":2000.0203255710578},{"title":"Adham Faramawy","score":2000.0859598503516},{"title":"Time Out (company)","score":1000.0456233872654},{"title":"Peckham","score":2000.06798848039},{"title":"Victorian architecture","score":1000.0289443519399},{"title":"The New York Times","score":1000.0436153900793},{"title":"Performance art","score":2000.072376280107}]})
({"id":0,"title":"CIA","citolytics":[{"title":"Matthew Stone","score":4000.0657631380536},{"title":"The Co-operative Group","score":1000.0401221752438},{"title":"Slade School of Art","score":1000.0740461534997},{"title":"The Guardian","score":2000.01763987916},{"title":"Peckham","score":2000.0474044904527},{"title":"Performance art","score":2000.0351734206704},{"title":"Adham Faramawy","score":2000.026557954348},{"title":"Lauren Bush","score":1000.1396368361056},{"title":"The New York Times","score":1000.0456233872654},{"title":"Georgian architecture","score":1000.053074480481}]})
({"id":0,"title":"CPA link","citolytics":[{"title":"Matthew Stone","score":4000.5746651607833},{"title":"Ben Schumacher","score":1000.0168037939685},{"title":"Lennie Lee","score":1000.0165660324747},{"title":"Performance art","score":2000.0182977049103},{"title":"The Guardian","score":2000.1575464530779},{"title":"Theo Adams","score":1000.0170490854796},{"title":"Richard Elms","score":1000.0184025018507},{"title":"Whiskey","score":1000.0267783631838},{"title":"Peckham","score":2000.0114976405694},{"title":"Adham Faramawy","score":2000.0282458973063}]})
({"id":0,"title":"Camberwell","citolytics":[{"title":"Matthew Stone","score":4000.1445562846425},{"title":"London","score":1000.0271147047399},{"title":"Time Out (company)","score":1000.0358824717473},{"title":"The Guardian","score":2000.0343332913503},{"title":"Peckham","score":2000.043953033899},{"title":"Performance art","score":2000.0380699087082},{"title":"Gareth Pugh","score":1000.0401221752438},{"title":"Victorian architecture","score":1000.0685050677554},{"title":"Redirect article 2","score":1000.1115779643458},{"title":"Adham Faramawy","score":2000.0320352419658}]})
({"id":0,"title":"Gareth Pugh","citolytics":[{"title":"Matthew Stone","score":4000.1271557121217},{"title":"Redirect article 2","score":1000.0320109996694},{"title":"Camberwell","score":1000.0401221752438},{"title":"Adham Faramawy","score":2000.070965012033},{"title":"Performance art","score":2000.0977715038562},{"title":"Time Out (company)","score":1000.216112894916},{"title":"Boo Saville","score":1000.0401221752438},{"title":"Victorian architecture","score":1000.0772003650073},{"title":"The Guardian","score":2000.0244229810878},{"title":"Peckham","score":2000.0432164957779}]})
({"id":0,"title":"Georgian architecture","citolytics":[{"title":"Matthew Stone","score":4000.0704840323024},{"title":"CIA","score":1000.053074480481},{"title":"Lauren Bush","score":1000.0417897528333},{"title":"Peckham","score":2000.0329385472578},{"title":"Performance art","score":2000.0356520126245},{"title":"The Observer","score":1000.0561887941317},{"title":"Slade School of Art","score":1000.1396368361056},{"title":"The Guardian","score":2000.017428563916},{"title":"The Co-operative Group","score":1000.1194813262432},{"title":"Adham Faramawy","score":2000.022650558391}]})
({"id":0,"title":"Lali Chetwynd","citolytics":[{"title":"Matthew Stone","score":4000.0691536200375},{"title":"Mark McGowan (performance artist)","score":1000.0401221752438},{"title":"Ballpoint pen","score":1000.0545834933617},{"title":"Peckham","score":2000.0186054786777},{"title":"Performance art","score":2000.4004265045644},{"title":"Michael Jackson","score":1000.1396368361056},{"title":"The Guardian","score":2000.0197322246227},{"title":"Shamanism","score":1000.0685050677554},{"title":"Michael Jackson's Thriller","score":1000.189426692278},{"title":"Adham Faramawy","score":2000.0185720214959}]})
({"id":0,"title":"Lauren Bush","citolytics":[{"title":"Matthew Stone","score":4000.0666464594624},{"title":"The Co-operative Group","score":1000.0335539869659},{"title":"Slade School of Art","score":1000.053074480481},{"title":"The Guardian","score":2000.0177992130184},{"title":"Peckham","score":2000.0566027185437},{"title":"Adham Faramawy","score":2000.0284556397328},{"title":"Performance art","score":2000.0359300438595},{"title":"Georgian architecture","score":1000.0417897528333},{"title":"CIA","score":1000.1396368361056},{"title":"The New York Times","score":1000.0597288264248}]})
({"id":0,"title":"Lennie Lee","citolytics":[{"title":"Matthew Stone","score":4000.033053073238},{"title":"CPA link","score":1000.0165660324747},{"title":"Whiskey","score":1000.0112633005033},{"title":"The Guardian","score":2000.0195521230137},{"title":"Adham Faramawy","score":2000.0526611863352},{"title":"QQQ","score":1000.2525693498435},{"title":"Theo Adams","score":1000.305660069423},{"title":"Ben Schumacher","score":1000.5528653266601},{"title":"Performance art","score":2000.0125623592335},{"title":"Peckham","score":2000.0091899246122}]})
({"id":0,"title":"Lido","citolytics":[{"title":"Matthew Stone","score":4001.0318876665965},{"title":"Michael Jackson's Thriller","score":1000.0436153900793},{"title":"The Observer","score":1000.0685050677554},{"title":"Peckham","score":2000.0230139588766},{"title":"Performance art","score":2000.051645244503},{"title":"Adham Faramawy","score":2000.0195312941755},{"title":"Ballpoint pen","score":1000.0934280780397},{"title":"Shamanism","score":1000.0685050677554},{"title":"The Guardian","score":2000.0180070902466},{"title":"Michael Jackson","score":1000.046704783349}]})
({"id":0,"title":"London","citolytics":[{"title":"Matthew Stone","score":4000.049662494853},{"title":"Gareth Pugh","score":1000.01783400373},{"title":"Redirect article 2","score":1000.0325079737569},{"title":"The Guardian","score":2000.257347370857},{"title":"Peckham","score":2001.011576592902},{"title":"Art collective","score":1000.305660069423},{"title":"Performance art","score":2000.0223726135746},{"title":"Victorian architecture","score":1000.0211358447172},{"title":"Camberwell","score":1000.0271147047399},{"title":"Adham Faramawy","score":2000.019223011641}]})
({"id":0,"title":"Mark McGowan (performance artist)","citolytics":[{"title":"Matthew Stone","score":4000.053443253686},{"title":"Michael Jackson","score":1000.0335539869659},{"title":"Whiskey","score":1000.0320109996694},{"title":"Adham Faramawy","score":2000.0187180617543},{"title":"Performance art","score":2000.0461102081006},{"title":"Lali Chetwynd","score":1000.0401221752438},{"title":"The Guardian","score":2000.023173052672},{"title":"Richard Elms","score":1000.0844776857886},{"title":"Peckham","score":2000.015936221749},{"title":"Michael Jackson's Thriller","score":1000.0352679849094}]})
({"id":0,"title":"Matthew Stone","citolytics":[{"title":"Adham Faramawy","score":8000.307684689488},{"title":"Camberwell","score":4000.1445562846425},{"title":"Time Out (company)","score":4000.130631839325},{"title":"Peckham","score":8000.130946305493},{"title":"Performance art","score":8000.238379732742},{"title":"The Guardian","score":8000.202648689673},{"title":"Lido","score":4001.0318876665965},{"title":"Victorian architecture","score":4000.203404650716},{"title":"CPA link","score":4000.5746651607833},{"title":"Boo Saville","score":4000.156743429712}]})
({"id":0,"title":"Michael Jackson","citolytics":[{"title":"Matthew Stone","score":4000.078484490925},{"title":"Ballpoint pen","score":1000.0772003650073},{"title":"Lido","score":1000.046704783349},{"title":"The Guardian","score":2000.0192298425472},{"title":"Performance art","score":2000.1993246274724},{"title":"Peckham","score":2000.0193879375852},{"title":"Michael Jackson's Thriller","score":1000.390896090774},{"title":"Shamanism","score":1000.1115779643458},{"title":"Lali Chetwynd","score":1000.1396368361056},{"title":"Adham Faramawy","score":2000.0186762528429}]})
({"id":0,"title":"Michael Jackson's Thriller","citolytics":[{"title":"Matthew Stone","score":4000.075199818745},{"title":"Ballpoint pen","score":1000.0685050677554},{"title":"Lido","score":1000.0436153900793},{"title":"Peckham","score":2000.0191450984694},{"title":"Performance art","score":2000.3154445538044},{"title":"Shamanism","score":1000.0934280780397},{"title":"The Guardian","score":2000.0193718113976},{"title":"Michael Jackson","score":1000.390896090774},{"title":"Lali Chetwynd","score":1000.189426692278},{"title":"Adham Faramawy","score":2000.0186393571905}]})
({"id":0,"title":"Peckham","citolytics":[{"title":"Matthew Stone","score":8000.130946305493},{"title":"Boo Saville","score":2000.06798848039},{"title":"Redirect article 2","score":2000.0476946011256},{"title":"Adham Faramawy","score":4000.060618528275},{"title":"The Guardian","score":4000.2396889553947},{"title":"Lauren Bush","score":2000.0566027185437},{"title":"The New York Times","score":2000.1638641958934},{"title":"London","score":2001.011576592902},{"title":"Art collective","score":2000.402261760686},{"title":"Performance art","score":4000.066526885368}]})
({"id":0,"title":"Performance art","citolytics":[{"title":"Matthew Stone","score":8000.238379732742},{"title":"Shamanism","score":2000.0876248797676},{"title":"Gareth Pugh","score":2000.0977715038562},{"title":"Peckham","score":4000.066526885368},{"title":"Adham Faramawy","score":4000.213079032415},{"title":"Lali Chetwynd","score":2000.4004265045644},{"title":"Time Out (company)","score":2000.137966090204},{"title":"Michael Jackson","score":2000.1993246274724},{"title":"The Guardian","score":4000.041998356547},{"title":"Michael Jackson's Thriller","score":2000.3154445538044}]})
({"id":0,"title":"QQQ","citolytics":[{"title":"Matthew Stone","score":4000.032310402162},{"title":"Whiskey","score":1000.0110159107155},{"title":"CPA link","score":1000.0160023285902},{"title":"Performance art","score":2000.0124111421555},{"title":"Adham Faramawy","score":2000.0474594260313},{"title":"Lennie Lee","score":1000.2525693498435},{"title":"Ben Schumacher","score":1000.189426692278},{"title":"Theo Adams","score":1000.1527997537825},{"title":"Peckham","score":2000.0091162655885},{"title":"The Guardian","score":2000.0190311828696}]})
({"id":0,"title":"Redirect article 2","citolytics":[{"title":"Matthew Stone","score":4000.0957080459643},{"title":"Gareth Pugh","score":1000.0320109996694},{"title":"Art collective","score":1000.0306141023665},{"title":"The Guardian","score":2000.040527288642},{"title":"Peckham","score":2000.0476946011256},{"title":"Performance art","score":2000.0331189349326},{"title":"London","score":1000.0325079737569},{"title":"Victorian architecture","score":1000.046704783349},{"title":"Camberwell","score":1000.1115779643458},{"title":"Adham Faramawy","score":2000.028080678213}]})
({"id":0,"title":"Richard Elms","citolytics":[{"title":"Matthew Stone","score":4000.05165699426},{"title":"Michael Jackson","score":1000.02613208799},{"title":"Lali Chetwynd","score":1000.0297538377929},{"title":"Adham Faramawy","score":2000.0190770069044},{"title":"Performance art","score":2000.036357287766},{"title":"The Guardian","score":2000.0256133990451},{"title":"Whiskey","score":1000.0445948825948},{"title":"Mark McGowan (performance artist)","score":1000.0844776857886},{"title":"Peckham","score":2000.0150622874353},{"title":"Michael Jackson's Thriller","score":1000.0271147047399}]})
({"id":0,"title":"Shamanism","citolytics":[{"title":"Matthew Stone","score":4000.1020756863436},{"title":"Michael Jackson's Thriller","score":1000.0934280780397},{"title":"Lido","score":1000.0685050677554},{"title":"Peckham","score":2000.0205313093606},{"title":"Performance art","score":2000.0876248797676},{"title":"Lali Chetwynd","score":1000.0685050677554},{"title":"Michael Jackson","score":1000.1115779643458},{"title":"Adham Faramawy","score":2000.018893948181},{"title":"The Guardian","score":2000.0186925168696},{"title":"Ballpoint pen","score":1000.189426692278}]})
({"id":0,"title":"Slade School of Art","citolytics":[{"title":"Matthew Stone","score":4000.067501228563},{"title":"The Observer","score":1000.0436153900793},{"title":"Lauren Bush","score":1000.053074480481},{"title":"Performance art","score":2000.0350372398648},{"title":"Peckham","score":2000.0363074810673},{"title":"CIA","score":1000.0740461534997},{"title":"The Co-operative Group","score":1000.0711587987271},{"title":"Georgian architecture","score":1000.1396368361056},{"title":"The Guardian","score":2000.0174517073506},{"title":"Adham Faramawy","score":2000.0236655595631}]})
({"id":0,"title":"The Co-operative Group","citolytics":[{"title":"Matthew Stone","score":4000.077109754431},{"title":"CIA","score":1000.0401221752438},{"title":"Lido","score":1000.042681405018},{"title":"Peckham","score":2000.029777413346},{"title":"Performance art","score":2000.0370574635785},{"title":"Slade School of Art","score":1000.0711587987271},{"title":"Georgian architecture","score":1000.1194813262432},{"title":"The Guardian","score":2000.0174563445717},{"title":"The Observer","score":1000.088708691296},{"title":"Adham Faramawy","score":2000.0216531718565}]})
({"id":0,"title":"The Guardian","citolytics":[{"title":"Matthew Stone","score":8000.202648689673},{"title":"Camberwell","score":2000.0343332913503},{"title":"Whiskey","score":2000.0355357320796},{"title":"Adham Faramawy","score":4000.04630476244},{"title":"Peckham","score":4000.2396889553947},{"title":"London","score":2000.257347370857},{"title":"CPA link","score":2000.1575464530779},{"title":"Art collective","score":2000.1575464530779},{"title":"Redirect article 2","score":2000.040527288642},{"title":"Performance art","score":4000.041998356547}]})
({"id":0,"title":"The New York Times","citolytics":[{"title":"Matthew Stone","score":4000.0754229543404},{"title":"Georgian architecture","score":1000.0271147047399},{"title":"Slade School of Art","score":1000.0310648360222},{"title":"The Guardian","score":2000.0184833706849},{"title":"Peckham","score":2000.1638641958934},{"title":"Lauren Bush","score":1000.0597288264248},{"title":"Adham Faramawy","score":2000.0367812260997},{"title":"Boo Saville","score":1000.0436153900793},{"title":"CIA","score":1000.0456233872654},{"title":"Performance art","score":2000.0410216048167}]})
({"id":0,"title":"The Observer","citolytics":[{"title":"Matthew Stone","score":4000.099603774521},{"title":"Ballpoint pen","score":1000.0436153900793},{"title":"Slade School of Art","score":1000.0436153900793},{"title":"Peckham","score":2000.0263738028957},{"title":"Performance art","score":2000.0407238658354},{"title":"Adham Faramawy","score":2000.0205603528702},{"title":"Lido","score":1000.0685050677554},{"title":"The Guardian","score":2000.0176010962937},{"title":"The Co-operative Group","score":1000.088708691296},{"title":"Georgian architecture","score":1000.0561887941317}]})
({"id":0,"title":"Theo Adams","citolytics":[{"title":"Matthew Stone","score":4000.0336835691724},{"title":"Whiskey","score":1000.0114700796229},{"title":"CPA link","score":1000.0170490854796},{"title":"The Guardian","score":2000.0199953052008},{"title":"Adham Faramawy","score":2000.0579246430552},{"title":"Lennie Lee","score":1000.305660069423},{"title":"Ben Schumacher","score":1000.5528653266601},{"title":"QQQ","score":1000.1527997537825},{"title":"Peckham","score":2000.0092498132585},{"title":"Performance art","score":2000.0126864385304}]})
({"id":0,"title":"Time Out (company)","citolytics":[{"title":"Matthew Stone","score":4000.130631839325},{"title":"Redirect article 2","score":1000.0293430399885},{"title":"Camberwell","score":1000.0358824717473},{"title":"Adham Faramawy","score":2000.0894363324928},{"title":"Performance art","score":2000.137966090204},{"title":"Boo Saville","score":1000.0456233872654},{"title":"Peckham","score":2000.0443858241492},{"title":"Victorian architecture","score":1000.0616875877062},{"title":"The Guardian","score":2000.0236449583367},{"title":"Gareth Pugh","score":1000.216112894916}]})
({"id":0,"title":"Victorian architecture","citolytics":[{"title":"Matthew Stone","score":4000.203404650716},{"title":"Boo Saville","score":1000.0289443519399},{"title":"Redirect article 2","score":1000.046704783349},{"title":"The Guardian","score":2000.0278183305982},{"title":"Performance art","score":2000.0540980959381},{"title":"Adham Faramawy","score":2000.0440879317985},{"title":"Time Out (company)","score":1000.0616875877062},{"title":"Camberwell","score":1000.0685050677554},{"title":"Gareth Pugh","score":1000.0772003650073},{"title":"Peckham","score":2000.0416858707058}]})
({"id":0,"title":"Whiskey","citolytics":[{"title":"Matthew Stone","score":4000.053962563236},{"title":"Michael Jackson's Thriller","score":1000.0185508359647},{"title":"Lali Chetwynd","score":1000.0196667188204},{"title":"Adham Faramawy","score":2000.0205603528702},{"title":"The Guardian","score":2000.0355357320796},{"title":"Performance art","score":2000.0261964843967},{"title":"Richard Elms","score":1000.0445948825948},{"title":"Mark McGowan (performance artist)","score":1000.0320109996694},{"title":"Peckham","score":2000.013534597463},{"title":"CPA link","score":1000.0267783631838}]})
({"id":0,"title":"_NoInLinksArticle","citolytics":[{"title":"Art collective","score":0.05},{"title":"Time Out (company)","score":8.361204013377926E-4},{"title":"Victorian architecture","score":0.0010604453870625664},{"title":"Peckham","score":0.018867924528301886},{"title":"London","score":0.015151515151515152},{"title":"Redirect article 2","score":0.0013698630136986301},{"title":"Matthew Stone","score":0.0011325028312570782},{"title":"The Guardian","score":0.005813953488372093},{"title":"Gareth Pugh","score":9.233610341643582E-4},{"title":"Camberwell","score":0.0012360939431396785}]})