(simple_Foo,simple_Bar,12236.0,3,0)
(simple_Foo,simple_Redirect article 2,12235.0,0,0)
(simple_Foo,simple_Redirect article,12233.0,4,0)
(simple_Foo,simple_Redirect article,12234.0,4,0)
(simple_QQQ,simple_CPA link,11112.0,10,10)
(simple_QQQ,simple_CPA nolink,11000.0,4,20)