(Article A,118,0,6,46.4,3)
(Article B,111,0,3,35.333333333333336,4)
(Article C,112,0,3,38.0,4)
(Article D,111,0,3,10.666666666666666,2)
(Article E,111,0,3,54.666666666666664,4)
(SeeAlso Article 1,127,0,4,41.333333333333336,3)
(SeeAlso Article 2,120,0,2,3.0,2)